
> bandmanager-saas@0.1.0 build
> next build

node.exe : ÔÜá Warning: 
Next.js inferred your 
workspace root, but it may 
not be correct.
No linha:1 caractere:1
+ & "C:\Program 
Files\nodejs/node.exe" 
"C:\Program 
Files\nodejs/node_mo ...
+ ~~~~~~~~~~~~~~~~~~~~~~~~~
~~~~~~~~~~~~~~~~~~~~~~~~~~~
~~~~~~~~~~~~~~~~~
    + CategoryInfo         
     : NotSpecified: (ÔÜá  
   Warning: Ne...not be    
 correct.:String) [], R    
emoteException
    + FullyQualifiedErrorI 
   d : NativeCommandError
 
 We detected multiple 
lockfiles and selected the 
directory of C:\Users\ander
\package-lock.json as the 
root directory.
 To silence this warning, 
set `turbopack.root` in 
your Next.js config, or 
consider removing one of 
the lockfiles if it's not 
needed.
   See https://nextjs.org/d
ocs/app/api-reference/confi
g/next-config-js/turbopack#
root-directory for more 
information.
 Detected additional 
lockfiles: 
   * C:\Users\ander\Documen
ts\bandmanager-saas\package
-lock.json

Ôû▓ Next.js 16.1.6 (Turbopack)
- Environments: .env

ÔÜá The "middleware" file 
convention is deprecated. 
Please use "proxy" 
instead. Learn more: https:
//nextjs.org/docs/messages/
middleware-to-proxy
  Creating an optimized production build ...
Ô£ô Compiled successfully in 6.2s
  Running TypeScript ...
  Collecting page data using 15 workers ...
[Prisma] Initializing PostgreSQL (pg) adapter...
[Prisma] Initializing PostgreSQL (pg) adapter...
[Prisma] Initializing PostgreSQL (pg) adapter...
[Prisma] Initializing PostgreSQL (pg) adapter...
[Prisma] Initializing PostgreSQL (pg) adapter...
[Prisma] Initializing PostgreSQL (pg) adapter...
[Prisma] Initializing PostgreSQL (pg) adapter...
[Prisma] Initializing PostgreSQL (pg) adapter...
[Prisma] Initializing PostgreSQL (pg) adapter...
[Prisma] Initializing PostgreSQL (pg) adapter...
[Prisma] Initializing PostgreSQL (pg) adapter...
[Prisma] Initializing PostgreSQL (pg) adapter...
[Prisma] Initializing PostgreSQL (pg) adapter...
[Prisma] Initializing PostgreSQL (pg) adapter...
[Prisma] Initializing PostgreSQL (pg) adapter...
[Prisma] Initializing PostgreSQL (pg) adapter...
[Prisma] Initializing PostgreSQL (pg) adapter...
[Prisma] Initializing PostgreSQL (pg) adapter...
[Prisma] Initializing PostgreSQL (pg) adapter...
[Prisma] Initializing PostgreSQL (pg) adapter...
[Prisma] Initializing PostgreSQL (pg) adapter...
[Prisma] Initializing PostgreSQL (pg) adapter...
[Prisma] Initializing PostgreSQL (pg) adapter...
[Prisma] Initializing PostgreSQL (pg) adapter...
[Prisma] Initializing PostgreSQL (pg) adapter...
  Generating static pages using 15 workers (0/56) ...
ÔÜá Unsupported metadata 
themeColor is configured 
in metadata export in /dash
board/setlists/stage-plots.
 Please move it to 
viewport export instead.
Read more: https://nextjs.o
rg/docs/app/api-reference/f
unctions/generate-viewport
ÔÜá Unsupported metadata 
themeColor is configured 
in metadata export in 
/dashboard/settings. 
Please move it to viewport 
export instead.
Read more: https://nextjs.o
rg/docs/app/api-reference/f
unctions/generate-viewport
ÔÜá Unsupported metadata 
themeColor is configured 
in metadata export in /dash
board/settings/formats. 
Please move it to viewport 
export instead.
Read more: https://nextjs.o
rg/docs/app/api-reference/f
unctions/generate-viewport
ÔÜá Unsupported metadata 
themeColor is configured 
in metadata export in 
/dashboard/support. Please 
move it to viewport export 
instead.
Read more: https://nextjs.o
rg/docs/app/api-reference/f
unctions/generate-viewport
ÔÜá Unsupported metadata 
themeColor is configured 
in metadata export in 
/dashboard/finance. Please 
move it to viewport export 
instead.
Read more: https://nextjs.o
rg/docs/app/api-reference/f
unctions/generate-viewport
ÔÜá Unsupported metadata 
themeColor is configured 
in metadata export in 
/dashboard/templates. 
Please move it to viewport 
export instead.
Read more: https://nextjs.o
rg/docs/app/api-reference/f
unctions/generate-viewport
ÔÜá Unsupported metadata 
themeColor is configured 
in metadata export in 
/_not-found. Please move 
it to viewport export 
instead.
Read more: https://nextjs.o
rg/docs/app/api-reference/f
unctions/generate-viewport
ÔÜá Unsupported metadata 
themeColor is configured 
in metadata export in 
/dashboard/intelligence. 
Please move it to viewport 
export instead.
Read more: https://nextjs.o
rg/docs/app/api-reference/f
unctions/generate-viewport
ÔÜá Unsupported metadata 
themeColor is configured 
in metadata export in 
/dashboard/songs. Please 
move it to viewport export 
instead.
Read more: https://nextjs.o
rg/docs/app/api-reference/f
unctions/generate-viewport
ÔÜá Unsupported metadata 
themeColor is configured 
in metadata export in /dash
board/logistics/camarim. 
Please move it to viewport 
export instead.
Read more: https://nextjs.o
rg/docs/app/api-reference/f
unctions/generate-viewport
  Generating static pages using 15 workers (14/56) 
ÔÜá Unsupported metadata 
themeColor is configured 
in metadata export in 
/login. Please move it to 
viewport export instead.
Read more: https://nextjs.o
rg/docs/app/api-reference/f
unctions/generate-viewport
ÔÜá Unsupported metadata 
themeColor is configured 
in metadata export in 
/dashboard/inventory. 
Please move it to viewport 
export instead.
Read more: https://nextjs.o
rg/docs/app/api-reference/f
unctions/generate-viewport
ÔÜá Unsupported metadata 
themeColor is configured 
in metadata export in /dash
board/logistics/hotel. 
Please move it to viewport 
export instead.
Read more: https://nextjs.o
rg/docs/app/api-reference/f
unctions/generate-viewport
ÔÜá Unsupported metadata 
themeColor is configured 
in metadata export in /dash
board/logistics/schedule. 
Please move it to viewport 
export instead.
Read more: https://nextjs.o
rg/docs/app/api-reference/f
unctions/generate-viewport
ÔÜá Unsupported metadata 
themeColor is configured 
in metadata export in 
/dashboard/gigs. Please 
move it to viewport export 
instead.
Read more: https://nextjs.o
rg/docs/app/api-reference/f
unctions/generate-viewport
ÔÜá Unsupported metadata 
themeColor is configured 
in metadata export in /dash
board/logistics/suppliers. 
Please move it to viewport 
export instead.
Read more: https://nextjs.o
rg/docs/app/api-reference/f
unctions/generate-viewport
ÔÜá Unsupported metadata 
themeColor is configured 
in metadata export in /dash
board/checkout/failure. 
Please move it to viewport 
export instead.
Read more: https://nextjs.o
rg/docs/app/api-reference/f
unctions/generate-viewport
ÔÜá Unsupported metadata 
themeColor is configured 
in metadata export in 
/super-admin/audit. Please 
move it to viewport export 
instead.
Read more: https://nextjs.o
rg/docs/app/api-reference/f
unctions/generate-viewport
ÔÜá Unsupported metadata 
themeColor is configured 
in metadata export in /. 
Please move it to viewport 
export instead.
Read more: https://nextjs.o
rg/docs/app/api-reference/f
unctions/generate-viewport
ÔÜá Unsupported metadata 
themeColor is configured 
in metadata export in 
/dashboard/commercial. 
Please move it to viewport 
export instead.
Read more: https://nextjs.o
rg/docs/app/api-reference/f
unctions/generate-viewport
  Generating static pages using 15 workers (28/56) 
ÔÜá Unsupported metadata 
themeColor is configured 
in metadata export in /dash
board/checkout/success. 
Please move it to viewport 
export instead.
Read more: https://nextjs.o
rg/docs/app/api-reference/f
unctions/generate-viewport
ÔÜá Unsupported metadata 
themeColor is configured 
in metadata export in 
/dashboard/members. Please 
move it to viewport export 
instead.
Read more: https://nextjs.o
rg/docs/app/api-reference/f
unctions/generate-viewport
ÔÜá Unsupported metadata 
themeColor is configured 
in metadata export in /dash
board/logistics/travel. 
Please move it to viewport 
export instead.
Read more: https://nextjs.o
rg/docs/app/api-reference/f
unctions/generate-viewport
Error fetching tenants: 
Error: Dynamic server 
usage: Route 
/super-admin/billing 
couldn't be rendered 
statically because it used 
`headers`. See more info 
here: https://nextjs.org/do
cs/messages/dynamic-server-
error
    at w (C:\Users\ander\Do
cuments\bandmanager-saas\.n
ext\server\chunks\ssr\efbdd
_next_dist_2a95c432._.js:1:
7048)
    at m (C:\Users\ander\Do
cuments\bandmanager-saas\.n
ext\server\chunks\ssr\efbdd
_next_21457799._.js:1:14208
)
    at <unknown> (C:\Users\
ander\Documents\bandmanager
-saas\.next\server\chunks\s
sr\Documents_bandmanager-sa
as_aae92375._.js:404:57773)
    at p (C:\Users\ander\Do
cuments\bandmanager-saas\.n
ext\server\chunks\ssr\Docum
ents_bandmanager-saas_src_a
pp_actions_super-admin_ts_c
f492117._.js:1:2318)
    at n (C:\Users\ander\Do
cuments\bandmanager-saas\.n
ext\server\chunks\ssr\[root
-of-the-server]__b39903b8._
.js:1:3538)
    at stringify 
(<anonymous>) {
  description: "Route 
/super-admin/billing 
couldn't be rendered 
statically because it used 
`headers`. See more info 
here: https://nextjs.org/do
cs/messages/dynamic-server-
error",
  digest: 
'DYNAMIC_SERVER_USAGE'
}
ÔÜá Unsupported metadata 
themeColor is configured 
in metadata export in 
/dashboard. Please move it 
to viewport export instead.
Read more: https://nextjs.o
rg/docs/app/api-reference/f
unctions/generate-viewport
ÔÜá Unsupported metadata 
themeColor is configured 
in metadata export in 
/dashboard/merch. Please 
move it to viewport export 
instead.
Read more: https://nextjs.o
rg/docs/app/api-reference/f
unctions/generate-viewport
ÔÜá Unsupported metadata 
themeColor is configured 
in metadata export in 
/dashboard/contractors. 
Please move it to viewport 
export instead.
Read more: https://nextjs.o
rg/docs/app/api-reference/f
unctions/generate-viewport
ÔÜá Unsupported metadata 
themeColor is configured 
in metadata export in 
/dashboard/media. Please 
move it to viewport export 
instead.
Read more: https://nextjs.o
rg/docs/app/api-reference/f
unctions/generate-viewport
ÔÜá Unsupported metadata 
themeColor is configured 
in metadata export in 
/dashboard/publishing. 
Please move it to viewport 
export instead.
Read more: https://nextjs.o
rg/docs/app/api-reference/f
unctions/generate-viewport
Erro ao buscar 
contratantes: Error: 
Dynamic server usage: 
Route /dashboard/contracts 
couldn't be rendered 
statically because it used 
`headers`. See more info 
here: https://nextjs.org/do
cs/messages/dynamic-server-
error
    at w (C:\Users\ander\Do
cuments\bandmanager-saas\.n
ext\server\chunks\ssr\efbdd
_next_dist_2a95c432._.js:1:
7048)
    at m (C:\Users\ander\Do
cuments\bandmanager-saas\.n
ext\server\chunks\ssr\efbdd
_next_21457799._.js:1:14208
)
    at <unknown> (C:\Users\
ander\Documents\bandmanager
-saas\.next\server\chunks\s
sr\Documents_bandmanager-sa
as_aae92375._.js:404:57773)
    at j (C:\Users\ander\Do
cuments\bandmanager-saas\.n
ext\server\chunks\ssr\[root
-of-the-server]__9d794b59._
.js:1:3056)
    at k (C:\Users\ander\Do
cuments\bandmanager-saas\.n
ext\server\chunks\ssr\Docum
ents_bandmanager-saas_8aff6
163._.js:1:12541)
    at k (C:\Users\ander\Do
cuments\bandmanager-saas\.n
ext\server\chunks\ssr\[root
-of-the-server]__fe83ceb0._
.js:1:2655) {
  description: "Route 
/dashboard/contracts 
couldn't be rendered 
statically because it used 
`headers`. See more info 
here: https://nextjs.org/do
cs/messages/dynamic-server-
error",
  digest: 
'DYNAMIC_SERVER_USAGE'
}
ÔÜá Unsupported metadata 
themeColor is configured 
in metadata export in 
/dashboard/contracts. 
Please move it to viewport 
export instead.
Read more: https://nextjs.o
rg/docs/app/api-reference/f
unctions/generate-viewport
ÔÜá Unsupported metadata 
themeColor is configured 
in metadata export in 
/dashboard/merch/pos. 
Please move it to viewport 
export instead.
Read more: https://nextjs.o
rg/docs/app/api-reference/f
unctions/generate-viewport
ÔÜá Unsupported metadata 
themeColor is configured 
in metadata export in 
/dashboard/repertoire. 
Please move it to viewport 
export instead.
Read more: https://nextjs.o
rg/docs/app/api-reference/f
unctions/generate-viewport
ÔÜá Unsupported metadata 
themeColor is configured 
in metadata export in /dash
board/crm/contractors. 
Please move it to viewport 
export instead.
Read more: https://nextjs.o
rg/docs/app/api-reference/f
unctions/generate-viewport
ÔÜá Unsupported metadata 
themeColor is configured 
in metadata export in 
/dashboard/crm/deals. 
Please move it to viewport 
export instead.
Read more: https://nextjs.o
rg/docs/app/api-reference/f
unctions/generate-viewport
ÔÜá Unsupported metadata 
themeColor is configured 
in metadata export in /dash
board/rider/stage-plot. 
Please move it to viewport 
export instead.
Read more: https://nextjs.o
rg/docs/app/api-reference/f
unctions/generate-viewport
  Generating static pages using 15 workers (42/56) 
ÔÜá Unsupported metadata 
themeColor is configured 
in metadata export in 
/dashboard/rider. Please 
move it to viewport export 
instead.
Read more: https://nextjs.o
rg/docs/app/api-reference/f
unctions/generate-viewport
ÔÜá Unsupported metadata 
themeColor is configured 
in metadata export in /dash
board/documents/dossier. 
Please move it to viewport 
export instead.
Read more: https://nextjs.o
rg/docs/app/api-reference/f
unctions/generate-viewport
ÔÜá Unsupported metadata 
themeColor is configured 
in metadata export in 
/dashboard/setlists. 
Please move it to viewport 
export instead.
Read more: https://nextjs.o
rg/docs/app/api-reference/f
unctions/generate-viewport
ÔÜá Unsupported metadata 
themeColor is configured 
in metadata export in 
/super-admin/billing. 
Please move it to viewport 
export instead.
Read more: https://nextjs.o
rg/docs/app/api-reference/f
unctions/generate-viewport
ÔÜá Unsupported metadata 
themeColor is configured 
in metadata export in 
/dashboard/documents. 
Please move it to viewport 
export instead.
Read more: https://nextjs.o
rg/docs/app/api-reference/f
unctions/generate-viewport
ÔÜá Unsupported metadata 
themeColor is configured 
in metadata export in 
/dashboard/epk. Please 
move it to viewport export 
instead.
Read more: https://nextjs.o
rg/docs/app/api-reference/f
unctions/generate-viewport
Error fetching financial 
metrics: Error: Dynamic 
server usage: Route 
/super-admin couldn't be 
rendered statically 
because it used `headers`. 
See more info here: https:/
/nextjs.org/docs/messages/d
ynamic-server-error
    at w (C:\Users\ander\Do
cuments\bandmanager-saas\.n
ext\server\chunks\ssr\efbdd
_next_dist_2a95c432._.js:1:
7048)
    at m (C:\Users\ander\Do
cuments\bandmanager-saas\.n
ext\server\chunks\ssr\efbdd
_next_21457799._.js:1:14208
)
    at <unknown> (C:\Users\
ander\Documents\bandmanager
-saas\.next\server\chunks\s
sr\Documents_bandmanager-sa
as_aae92375._.js:404:57773)
    at i (C:\Users\ander\Do
cuments\bandmanager-saas\.n
ext\server\chunks\ssr\Docum
ents_bandmanager-saas_c559a
620._.js:2:2365)
    at o (C:\Users\ander\Do
cuments\bandmanager-saas\.n
ext\server\chunks\ssr\[root
-of-the-server]__9371d0dc._
.js:1:6222)
    at stringify 
(<anonymous>) {
  description: "Route 
/super-admin couldn't be 
rendered statically 
because it used `headers`. 
See more info here: https:/
/nextjs.org/docs/messages/d
ynamic-server-error",
  digest: 
'DYNAMIC_SERVER_USAGE'
}
ÔÜá Unsupported metadata 
themeColor is configured 
in metadata export in 
/super-admin. Please move 
it to viewport export 
instead.
Read more: https://nextjs.o
rg/docs/app/api-reference/f
unctions/generate-viewport
ÔÜá Unsupported metadata 
themeColor is configured 
in metadata export in 
/super-admin/clients. 
Please move it to viewport 
export instead.
Read more: https://nextjs.o
rg/docs/app/api-reference/f
unctions/generate-viewport
ÔÜá Unsupported metadata 
themeColor is configured 
in metadata export in 
/super-admin/settings. 
Please move it to viewport 
export instead.
Read more: https://nextjs.o
rg/docs/app/api-reference/f
unctions/generate-viewport
ÔÜá Unsupported metadata 
themeColor is configured 
in metadata export in 
/super-admin/stage-assets. 
Please move it to viewport 
export instead.
Read more: https://nextjs.o
rg/docs/app/api-reference/f
unctions/generate-viewport
ÔÜá Unsupported metadata 
themeColor is configured 
in metadata export in 
/super-admin/templates. 
Please move it to viewport 
export instead.
Read more: https://nextjs.o
rg/docs/app/api-reference/f
unctions/generate-viewport
ÔÜá Unsupported metadata 
themeColor is configured 
in metadata export in 
/super-admin/tickets. 
Please move it to viewport 
export instead.
Read more: https://nextjs.o
rg/docs/app/api-reference/f
unctions/generate-viewport
Error fetching tenants: 
Error: Dynamic server 
usage: Route 
/super-admin/tenants 
couldn't be rendered 
statically because it used 
`headers`. See more info 
here: https://nextjs.org/do
cs/messages/dynamic-server-
error
    at w (C:\Users\ander\Do
cuments\bandmanager-saas\.n
ext\server\chunks\ssr\efbdd
_next_dist_2a95c432._.js:1:
7048)
    at m (C:\Users\ander\Do
cuments\bandmanager-saas\.n
ext\server\chunks\ssr\efbdd
_next_21457799._.js:1:14208
)
    at <unknown> (C:\Users\
ander\Documents\bandmanager
-saas\.next\server\chunks\s
sr\Documents_bandmanager-sa
as_aae92375._.js:404:57773)
    at p (C:\Users\ander\Do
cuments\bandmanager-saas\.n
ext\server\chunks\ssr\Docum
ents_bandmanager-saas_src_a
pp_actions_super-admin_ts_c
f492117._.js:1:2318)
    at j (C:\Users\ander\Do
cuments\bandmanager-saas\.n
ext\server\chunks\ssr\[root
-of-the-server]__5ea3f0d3._
.js:1:2146)
    at stringify 
(<anonymous>) {
  description: "Route 
/super-admin/tenants 
couldn't be rendered 
statically because it used 
`headers`. See more info 
here: https://nextjs.org/do
cs/messages/dynamic-server-
error",
  digest: 
'DYNAMIC_SERVER_USAGE'
}
ÔÜá Unsupported metadata 
themeColor is configured 
in metadata export in 
/super-admin/tenants. 
Please move it to viewport 
export instead.
Read more: https://nextjs.o
rg/docs/app/api-reference/f
unctions/generate-viewport
Ô£ô Generating static pages using 15 workers (56/56) in 3.4s
  Finalizing page optimization ...

Route (app)
Ôöî Ôùï /
Ôö£ Ôùï /_not-found
Ôö£ ãÆ /[slug]/dossie
Ôö£ ãÆ /api/ai/epk-chat
Ôö£ ãÆ /api/auth/[...nextauth]
Ôö£ ãÆ /api/bands/[id]/calendar
Ôö£ ãÆ /api/bands/[id]/finance/export
Ôö£ ãÆ /api/bands/[id]/report
Ôö£ ãÆ /api/checkout/subscribe
Ôö£ ãÆ /api/freight
Ôö£ ãÆ /api/search
Ôö£ ãÆ /api/seed-demo
Ôö£ ãÆ /api/upload
Ôö£ ãÆ /api/webhooks/mercadopago
Ôö£ ãÆ /band/[slug]
Ôö£ ãÆ /dashboard
Ôö£ ãÆ /dashboard/checkout/failure
Ôö£ ãÆ /dashboard/checkout/success
Ôö£ ãÆ /dashboard/commercial
Ôö£ ãÆ /dashboard/contractors
Ôö£ ãÆ /dashboard/contracts
Ôö£ ãÆ /dashboard/crm/contractors
Ôö£ ãÆ /dashboard/crm/contractors/[id]
Ôö£ ãÆ /dashboard/crm/deals
Ôö£ ãÆ /dashboard/documents
Ôö£ ãÆ /dashboard/documents/dossier
Ôö£ ãÆ /dashboard/epk
Ôö£ ãÆ /dashboard/finance
Ôö£ ãÆ /dashboard/gigs
Ôö£ ãÆ /dashboard/gigs/[id]
Ôö£ ãÆ /dashboard/intelligence
Ôö£ ãÆ /dashboard/inventory
Ôö£ ãÆ /dashboard/logistics/camarim
Ôö£ ãÆ /dashboard/logistics/hotel
Ôö£ ãÆ /dashboard/logistics/schedule
Ôö£ ãÆ /dashboard/logistics/suppliers
Ôö£ ãÆ /dashboard/logistics/travel
Ôö£ ãÆ /dashboard/media
Ôö£ ãÆ /dashboard/members
Ôö£ ãÆ /dashboard/merch
Ôö£ ãÆ /dashboard/merch/pos
Ôö£ ãÆ /dashboard/publishing
Ôö£ ãÆ /dashboard/repertoire
Ôö£ ãÆ /dashboard/rider
Ôö£ ãÆ /dashboard/rider/stage-plot
Ôö£ ãÆ /dashboard/setlists
Ôö£ ãÆ /dashboard/setlists/[id]/stage
Ôö£ ãÆ /dashboard/setlists/stage-plots
Ôö£ ãÆ /dashboard/settings
Ôö£ ãÆ /dashboard/settings/formats
Ôö£ ãÆ /dashboard/settings/formats/[id]/stage-plot
Ôö£ ãÆ /dashboard/songs
Ôö£ ãÆ /dashboard/support
Ôö£ ãÆ /dashboard/templates
Ôö£ ãÆ /epk/[slug]
Ôö£ ãÆ /login
Ôö£ ãÆ /super-admin
Ôö£ ãÆ /super-admin/audit
Ôö£ ãÆ /super-admin/billing
Ôö£ ãÆ /super-admin/clients
Ôö£ ãÆ /super-admin/settings
Ôö£ ãÆ /super-admin/stage-assets
Ôö£ ãÆ /super-admin/templates
Ôö£ ãÆ /super-admin/tenants
Ôöö ãÆ /super-admin/tickets


ãÆ Proxy (Middleware)

Ôùï  (Static)   prerendered as static content
ãÆ  (Dynamic)  server-rendered on demand

