src/app/dashboard/epk/page.tsx(20,14): error TS17008: JSX element 'div' has no corresponding closing tag.
